// Jest Snapshot v1, https://goo.gl/fbAQLP

exports[`ChevronRight Icon should match snapshot 1`] = `
<RNSVGSvgView
  align="xMidYMid"
  bbHeight={32}
  bbWidth={32}
  fill="none"
  focusable={false}
  height={32}
  meetOrSlice={0}
  minX={0}
  minY={0}
  style={
    [
      {
        "backgroundColor": "transparent",
        "borderWidth": 0,
      },
      {
        "flex": 0,
        "height": 32,
        "width": 32,
      },
    ]
  }
  testID="chevron-right-icon"
  vbHeight={24}
  vbWidth={24}
  width={32}
>
  <RNSVGGroup
    fill={null}
    propList={
      [
        "fill",
      ]
    }
  >
    <RNSVGPath
      d="M9 6L15 12L9 18"
      fill={
        {
          "payload": 4278190080,
          "type": 0,
        }
      }
      propList={
        [
          "stroke",
          "strokeWidth",
          "strokeLinecap",
          "strokeLinejoin",
        ]
      }
      stroke={
        {
          "payload": 4294901760,
          "type": 0,
        }
      }
      strokeLinecap={1}
      strokeLinejoin={1}
      strokeWidth={2}
    />
  </RNSVGGroup>
</RNSVGSvgView>
`;
